5.11.68.99 - - [28/Feb/2020:18:16:25 +0000] "GET / HTTP/1.1" 400 150 "" "-"
200.52.82.218 - - [28/Feb/2020:18:19:04 +0000] "GET / HTTP/1.1" 499 0 "" "Mozilla/5.0 (Windows NT 10.0; Win64; x64; rv:73.0) Gecko/20100101 Firefox/73.0"
200.52.82.218 - - [28/Feb/2020:18:20:31 +0000] "GET / HTTP/1.1" 502 2940 "" "Mozilla/5.0 (Windows NT 10.0; Win64; x64; rv:73.0) Gecko/20100101 Firefox/73.0"
200.52.82.218 - - [28/Feb/2020:18:20:46 +0000] "GET /favicon.ico HTTP/1.1" 502 2940 "" "Mozilla/5.0 (Windows NT 10.0; Win64; x64; rv:73.0) Gecko/20100101 Firefox/73.0"
127.0.0.1 - - [28/Feb/2020:18:21:59 +0000] "GET /help HTTP/1.1" 499 0 "" "curl/7.59.0-DEV"
93.183.71.45 - - [28/Feb/2020:18:23:28 +0000] "GET / HTTP/1.1" 400 150 "" "-"
93.183.71.45 - - [28/Feb/2020:18:23:40 +0000] "GET / HTTP/1.1" 400 150 "" "-"
93.183.71.45 - - [28/Feb/2020:18:23:56 +0000] "GET / HTTP/1.1" 400 150 "" "-"
93.183.71.45 - - [28/Feb/2020:18:24:06 +0000] "GET / HTTP/1.1" 400 150 "" "-"
200.52.82.218 - - [28/Feb/2020:18:25:04 +0000] "GET / HTTP/1.1" 499 0 "" "Mozilla/5.0 (Windows NT 10.0; Win64; x64; rv:73.0) Gecko/20100101 Firefox/73.0"
200.52.82.218 - - [28/Feb/2020:18:30:37 +0000] "GET / HTTP/1.1" 502 2940 "" "Mozilla/5.0 (Windows NT 10.0; Win64; x64; rv:73.0) Gecko/20100101 Firefox/73.0"
200.52.82.218 - - [28/Feb/2020:18:45:28 +0000] "GET / HTTP/1.1" 499 0 "" "Mozilla/5.0 (Windows NT 10.0; Win64; x64; rv:73.0) Gecko/20100101 Firefox/73.0"
66.240.205.34 - - [28/Feb/2020:18:50:55 +0000] "-  -" 400 150 "" "-"
46.101.171.183 - - [28/Feb/2020:18:51:25 +0000] "GET / HTTP/1.0" 499 0 "" "masscan/1.0 (https://github.com/robertdavidgraham/masscan)"
127.0.0.1 - - [28/Feb/2020:19:08:16 +0000] "GET /help HTTP/1.1" 502 2940 "" "curl/7.59.0-DEV"
79.111.45.237 - - [28/Feb/2020:19:08:26 +0000] "GET / HTTP/1.1" 502 2940 "" "Mozilla/5.0 (Windows NT 6.1; WOW64) AppleWebKit/537.36 (KHTML, like Gecko) Chrome/52.0.2743.116 Safari/537.36"
200.52.82.218 - - [28/Feb/2020:19:16:38 +0000] "GET / HTTP/1.1" 502 2940 "" "Mozilla/5.0 (Windows NT 10.0; Win64; x64) AppleWebKit/537.36 (KHTML, like Gecko) Chrome/80.0.3987.122 Safari/537.36"
200.52.82.218 - - [28/Feb/2020:19:16:38 +0000] "GET /favicon.ico HTTP/1.1" 502 2940 "http://40.71.81.251/" "Mozilla/5.0 (Windows NT 10.0; Win64; x64) AppleWebKit/537.36 (KHTML, like Gecko) Chrome/80.0.3987.122 Safari/537.36"
127.0.0.1 - - [28/Feb/2020:19:16:46 +0000] "GET /help HTTP/1.1" 502 2940 "" "curl/7.59.0-DEV"
189.189.128.162 - - [28/Feb/2020:19:18:55 +0000] "GET / HTTP/1.1" 400 150 "" "-"
127.0.0.1 - - [28/Feb/2020:19:19:19 +0000] "GET /help HTTP/1.1" 502 2940 "" "curl/7.59.0-DEV"
127.0.0.1 - - [28/Feb/2020:19:22:49 +0000] "GET /help HTTP/1.1" 499 0 "" "curl/7.59.0-DEV"
127.0.0.1 - - [28/Feb/2020:19:26:33 +0000] "GET /help HTTP/1.1" 499 0 "" "curl/7.59.0-DEV"
127.0.0.1 - - [28/Feb/2020:19:29:50 +0000] "GET /help HTTP/1.1" 502 2940 "" "curl/7.59.0-DEV"
95.168.229.43 - - [28/Feb/2020:19:34:07 +0000] "GET / HTTP/1.1" 400 150 "" "-"
200.52.82.218 - - [28/Feb/2020:19:37:41 +0000] "GET / HTTP/1.1" 502 2940 "" "Mozilla/5.0 (Windows NT 10.0; Win64; x64) AppleWebKit/537.36 (KHTML, like Gecko) Chrome/80.0.3987.122 Safari/537.36"
200.52.82.218 - - [28/Feb/2020:19:40:43 +0000] "GET /favicon.ico HTTP/1.1" 502 2940 "http://40.71.81.251/" "Mozilla/5.0 (Windows NT 10.0; Win64; x64) AppleWebKit/537.36 (KHTML, like Gecko) Chrome/80.0.3987.122 Safari/537.36"
127.0.0.1 - - [28/Feb/2020:19:40:54 +0000] "GET /help HTTP/1.1" 502 2940 "" "curl/7.59.0-DEV"
127.0.0.1 - - [28/Feb/2020:19:41:57 +0000] "GET /help HTTP/1.1" 502 2940 "" "curl/7.59.0-DEV"
127.0.0.1 - - [28/Feb/2020:19:42:58 +0000] "GET /help HTTP/1.1" 502 2940 "" "curl/7.59.0-DEV"
127.0.0.1 - - [28/Feb/2020:19:43:59 +0000] "GET /help HTTP/1.1" 502 2940 "" "curl/7.59.0-DEV"
200.52.82.218 - - [28/Feb/2020:19:45:42 +0000] "GET / HTTP/1.1" 502 2940 "" "Mozilla/5.0 (Windows NT 10.0; Win64; x64) AppleWebKit/537.36 (KHTML, like Gecko) Chrome/80.0.3987.122 Safari/537.36"
200.52.82.218 - - [28/Feb/2020:19:45:42 +0000] "GET /favicon.ico HTTP/1.1" 502 2940 "http://40.71.81.251/" "Mozilla/5.0 (Windows NT 10.0; Win64; x64) AppleWebKit/537.36 (KHTML, like Gecko) Chrome/80.0.3987.122 Safari/537.36"
127.0.0.1 - - [28/Feb/2020:19:45:56 +0000] "GET /help HTTP/1.1" 502 2940 "" "curl/7.59.0-DEV"
127.0.0.1 - - [28/Feb/2020:19:46:57 +0000] "GET /help HTTP/1.1" 200 83754 "" "curl/7.59.0-DEV"
127.0.0.1 - - [28/Feb/2020:19:47:59 +0000] "GET /help HTTP/1.1" 200 83753 "" "curl/7.59.0-DEV"
127.0.0.1 - - [28/Feb/2020:19:49:00 +0000] "GET /help HTTP/1.1" 200 83753 "" "curl/7.59.0-DEV"
127.0.0.1 - - [28/Feb/2020:19:50:01 +0000] "GET /help HTTP/1.1" 200 83753 "" "curl/7.59.0-DEV"
127.0.0.1 - - [28/Feb/2020:19:51:01 +0000] "GET /help HTTP/1.1" 200 83753 "" "curl/7.59.0-DEV"
127.0.0.1 - - [28/Feb/2020:19:52:02 +0000] "GET /help HTTP/1.1" 200 83754 "" "curl/7.59.0-DEV"
200.52.82.218 - - [28/Feb/2020:19:52:11 +0000] "GET / HTTP/1.1" 302 99 "" "Mozilla/5.0 (Windows NT 10.0; Win64; x64) AppleWebKit/537.36 (KHTML, like Gecko) Chrome/80.0.3987.122 Safari/537.36"
200.52.82.218 - - [28/Feb/2020:19:52:12 +0000] "GET /users/sign_in HTTP/1.1" 302 147 "" "Mozilla/5.0 (Windows NT 10.0; Win64; x64) AppleWebKit/537.36 (KHTML, like Gecko) Chrome/80.0.3987.122 Safari/537.36"
200.52.82.218 - - [28/Feb/2020:19:52:12 +0000] "GET /users/password/edit?reset_password_token=K_Kxxc2Ndh-FozE-ACW6 HTTP/1.1" 200 4074 "" "Mozilla/5.0 (Windows NT 10.0; Win64; x64) AppleWebKit/537.36 (KHTML, like Gecko) Chrome/80.0.3987.122 Safari/537.36"
200.52.82.218 - - [28/Feb/2020:19:52:13 +0000] "GET /assets/webpack/runtime.f97c5e2d.bundle.js HTTP/1.1" 200 2245 "http://40.71.81.251/users/password/edit" "Mozilla/5.0 (Windows NT 10.0; Win64; x64) AppleWebKit/537.36 (KHTML, like Gecko) Chrome/80.0.3987.122 Safari/537.36"
200.52.82.218 - - [28/Feb/2020:19:52:13 +0000] "GET /assets/highlight/themes/white-3144068cf4f603d290f553b653926358ddcd02493b9728f62417682657fc58c0.css HTTP/1.1" 200 864 "http://40.71.81.251/users/password/edit" "Mozilla/5.0 (Windows NT 10.0; Win64; x64) AppleWebKit/537.36 (KHTML, like Gecko) Chrome/80.0.3987.122 Safari/537.36"
200.52.82.218 - - [28/Feb/2020:19:52:13 +0000] "GET /assets/application-4a081f9e3a60a0e580cad484d66fbf5a1505ad313280e96728729069f87f856e.css HTTP/1.1" 200 155823 "http://40.71.81.251/users/password/edit" "Mozilla/5.0 (Windows NT 10.0; Win64; x64) AppleWebKit/537.36 (KHTML, like Gecko) Chrome/80.0.3987.122 Safari/537.36"
200.52.82.218 - - [28/Feb/2020:19:52:13 +0000] "GET /assets/webpack/default.d6ce063c.chunk.js HTTP/1.1" 200 159 "http://40.71.81.251/users/password/edit" "Mozilla/5.0 (Windows NT 10.0; Win64; x64) AppleWebKit/537.36 (KHTML, like Gecko) Chrome/80.0.3987.122 Safari/537.36"
200.52.82.218 - - [28/Feb/2020:19:52:13 +0000] "GET /assets/print-74c3df10dad473d66660c828e3aa54ca3bfeac6d8bb708643331403fe7211e60.css HTTP/1.1" 200 382 "http://40.71.81.251/users/password/edit" "Mozilla/5.0 (Windows NT 10.0; Win64; x64) AppleWebKit/537.36 (KHTML, like Gecko) Chrome/80.0.3987.122 Safari/537.36"
200.52.82.218 - - [28/Feb/2020:19:52:13 +0000] "GET /assets/icons-2206b8b510dd8a2edccabbd872bdecb67fa80554b54d351d80c5b056d048670e.svg HTTP/1.1" 200 27167 "http://40.71.81.251/users/password/edit" "Mozilla/5.0 (Windows NT 10.0; Win64; x64) AppleWebKit/537.36 (KHTML, like Gecko) Chrome/80.0.3987.122 Safari/537.36"
200.52.82.218 - - [28/Feb/2020:19:52:13 +0000] "GET /assets/webpack/main.e4cc9ed0.chunk.js HTTP/1.1" 200 901699 "http://40.71.81.251/users/password/edit" "Mozilla/5.0 (Windows NT 10.0; Win64; x64) AppleWebKit/537.36 (KHTML, like Gecko) Chrome/80.0.3987.122 Safari/537.36"
200.52.82.218 - - [28/Feb/2020:19:52:14 +0000] "GET /assets/favicon-7901bd695fb93edb07975966062049829afb56cf11511236e61bcf425070e36e.png HTTP/1.1" 200 1611 "http://40.71.81.251/users/password/edit" "Mozilla/5.0 (Windows NT 10.0; Win64; x64) AppleWebKit/537.36 (KHTML, like Gecko) Chrome/80.0.3987.122 Safari/537.36"
200.52.82.218 - - [28/Feb/2020:19:53:35 +0000] "GET /users/password/edit?reset_password_token=K_Kxxc2Ndh-FozE-ACW6 HTTP/1.1" 502 2940 "" "Mozilla/5.0 (Windows NT 10.0; Win64; x64) AppleWebKit/537.36 (KHTML, like Gecko) Chrome/80.0.3987.122 Safari/537.36"
200.52.82.218 - - [28/Feb/2020:19:53:35 +0000] "GET /favicon.ico HTTP/1.1" 502 2940 "http://40.71.81.251/users/password/edit" "Mozilla/5.0 (Windows NT 10.0; Win64; x64) AppleWebKit/537.36 (KHTML, like Gecko) Chrome/80.0.3987.122 Safari/537.36"
127.0.0.1 - - [28/Feb/2020:19:54:06 +0000] "GET /help HTTP/1.1" 502 2940 "" "curl/7.59.0-DEV"
127.0.0.1 - - [28/Feb/2020:19:55:08 +0000] "GET /help HTTP/1.1" 200 83746 "" "curl/7.59.0-DEV"
200.52.82.218 - - [28/Feb/2020:19:56:05 +0000] "GET /users/password/edit?reset_password_token=K_Kxxc2Ndh-FozE-ACW6 HTTP/1.1" 200 3934 "" "Mozilla/5.0 (Windows NT 10.0; Win64; x64) AppleWebKit/537.36 (KHTML, like Gecko) Chrome/80.0.3987.122 Safari/537.36"
127.0.0.1 - - [28/Feb/2020:19:56:08 +0000] "GET /help HTTP/1.1" 200 83746 "" "curl/7.59.0-DEV"
200.52.82.218 - - [28/Feb/2020:19:56:12 +0000] "POST /users/password HTTP/1.1" 302 99 "http://40.71.81.251/users/password/edit" "Mozilla/5.0 (Windows NT 10.0; Win64; x64) AppleWebKit/537.36 (KHTML, like Gecko) Chrome/80.0.3987.122 Safari/537.36"
200.52.82.218 - - [28/Feb/2020:19:56:12 +0000] "GET /users/sign_in HTTP/1.1" 200 4945 "http://40.71.81.251/users/password/edit" "Mozilla/5.0 (Windows NT 10.0; Win64; x64) AppleWebKit/537.36 (KHTML, like Gecko) Chrome/80.0.3987.122 Safari/537.36"
200.52.82.218 - - [28/Feb/2020:19:56:13 +0000] "GET /assets/webpack/commons~pages.ldap.omniauth_callbacks~pages.omniauth_callbacks~pages.sessions~pages.sessions.new.c3421b50.chunk.js HTTP/1.1" 200 3666 "http://40.71.81.251/users/sign_in" "Mozilla/5.0 (Windows NT 10.0; Win64; x64) AppleWebKit/537.36 (KHTML, like Gecko) Chrome/80.0.3987.122 Safari/537.36"
200.52.82.218 - - [28/Feb/2020:19:56:13 +0000] "GET /assets/webpack/pages.sessions.new.859c63c5.chunk.js HTTP/1.1" 200 4904 "http://40.71.81.251/users/sign_in" "Mozilla/5.0 (Windows NT 10.0; Win64; x64) AppleWebKit/537.36 (KHTML, like Gecko) Chrome/80.0.3987.122 Safari/537.36"
200.52.82.218 - - [28/Feb/2020:19:57:03 +0000] "POST /users/sign_in HTTP/1.1" 302 86 "http://40.71.81.251/users/sign_in" "Mozilla/5.0 (Windows NT 10.0; Win64; x64) AppleWebKit/537.36 (KHTML, like Gecko) Chrome/80.0.3987.122 Safari/537.36"
200.52.82.218 - - [28/Feb/2020:19:57:04 +0000] "GET / HTTP/1.1" 200 8911 "http://40.71.81.251/users/sign_in" "Mozilla/5.0 (Windows NT 10.0; Win64; x64) AppleWebKit/537.36 (KHTML, like Gecko) Chrome/80.0.3987.122 Safari/537.36"
200.52.82.218 - - [28/Feb/2020:19:57:04 +0000] "GET /assets/webpack/pages.root.c0f51ebf.chunk.js HTTP/1.1" 200 1578 "http://40.71.81.251/" "Mozilla/5.0 (Windows NT 10.0; Win64; x64) AppleWebKit/537.36 (KHTML, like Gecko) Chrome/80.0.3987.122 Safari/537.36"
127.0.0.1 - - [28/Feb/2020:19:57:09 +0000] "GET /help HTTP/1.1" 200 83753 "" "curl/7.59.0-DEV"
200.52.82.218 - - [28/Feb/2020:19:57:43 +0000] "GET /groups/new HTTP/1.1" 200 8298 "http://40.71.81.251/" "Mozilla/5.0 (Windows NT 10.0; Win64; x64) AppleWebKit/537.36 (KHTML, like Gecko) Chrome/80.0.3987.122 Safari/537.36"
200.52.82.218 - - [28/Feb/2020:19:57:43 +0000] "GET /assets/webpack/commons~pages.admin.clusters~pages.admin.clusters.destroy~pages.admin.clusters.edit~pages.admin.clus~2b7477a2.982dd72b.chunk.js HTTP/1.1" 200 5353 "http://40.71.81.251/groups/new" "Mozilla/5.0 (Windows NT 10.0; Win64; x64) AppleWebKit/537.36 (KHTML, like Gecko) Chrome/80.0.3987.122 Safari/537.36"
200.52.82.218 - - [28/Feb/2020:19:57:43 +0000] "GET /assets/fontawesome-webfont-2adefcbc041e7d18fcf2d417879dc5a09997aa64d675b7a3c4b6ce33da13f3fe.woff2 HTTP/1.1" 200 77160 "http://40.71.81.251/assets/application-4a081f9e3a60a0e580cad484d66fbf5a1505ad313280e96728729069f87f856e.css" "Mozilla/5.0 (Windows NT 10.0; Win64; x64) AppleWebKit/537.36 (KHTML, like Gecko) Chrome/80.0.3987.122 Safari/537.36"
200.52.82.218 - - [28/Feb/2020:19:57:43 +0000] "GET /assets/webpack/pages.groups.new.6fd39f19.chunk.js HTTP/1.1" 200 2259 "http://40.71.81.251/groups/new" "Mozilla/5.0 (Windows NT 10.0; Win64; x64) AppleWebKit/537.36 (KHTML, like Gecko) Chrome/80.0.3987.122 Safari/537.36"
200.52.82.218 - - [28/Feb/2020:19:57:50 +0000] "GET /users/jenkins_ci/suggests HTTP/1.1" 200 30 "http://40.71.81.251/groups/new" "Mozilla/5.0 (Windows NT 10.0; Win64; x64) AppleWebKit/537.36 (KHTML, like Gecko) Chrome/80.0.3987.122 Safari/537.36"
200.52.82.218 - - [28/Feb/2020:19:57:55 +0000] "GET /users/jenkins/suggests HTTP/1.1" 200 30 "http://40.71.81.251/groups/new" "Mozilla/5.0 (Windows NT 10.0; Win64; x64) AppleWebKit/537.36 (KHTML, like Gecko) Chrome/80.0.3987.122 Safari/537.36"
200.52.82.218 - - [28/Feb/2020:19:58:00 +0000] "GET /users/jenkins/suggests HTTP/1.1" 304 0 "http://40.71.81.251/groups/new" "Mozilla/5.0 (Windows NT 10.0; Win64; x64) AppleWebKit/537.36 (KHTML, like Gecko) Chrome/80.0.3987.122 Safari/537.36"
200.52.82.218 - - [28/Feb/2020:19:58:01 +0000] "POST /groups HTTP/1.1" 302 93 "http://40.71.81.251/groups/new" "Mozilla/5.0 (Windows NT 10.0; Win64; x64) AppleWebKit/537.36 (KHTML, like Gecko) Chrome/80.0.3987.122 Safari/537.36"
200.52.82.218 - - [28/Feb/2020:19:58:01 +0000] "GET /jenkins HTTP/1.1" 200 14428 "http://40.71.81.251/groups/new" "Mozilla/5.0 (Windows NT 10.0; Win64; x64) AppleWebKit/537.36 (KHTML, like Gecko) Chrome/80.0.3987.122 Safari/537.36"
200.52.82.218 - - [28/Feb/2020:19:58:01 +0000] "GET /assets/webpack/commons~pages.admin.runners~pages.dashboard.issues~pages.dashboard.merge_requests~pages.groups.board~6653a75f.2d9d8624.chunk.js HTTP/1.1" 200 3827 "http://40.71.81.251/jenkins" "Mozilla/5.0 (Windows NT 10.0; Win64; x64) AppleWebKit/537.36 (KHTML, like Gecko) Chrome/80.0.3987.122 Safari/537.36"
200.52.82.218 - - [28/Feb/2020:19:58:01 +0000] "GET /assets/webpack/pages.groups.show.a910eb1e.chunk.js HTTP/1.1" 200 40356 "http://40.71.81.251/jenkins" "Mozilla/5.0 (Windows NT 10.0; Win64; x64) AppleWebKit/537.36 (KHTML, like Gecko) Chrome/80.0.3987.122 Safari/537.36"
200.52.82.218 - - [28/Feb/2020:19:58:02 +0000] "GET /groups/jenkins/-/children.json HTTP/1.1" 200 2 "http://40.71.81.251/jenkins" "Mozilla/5.0 (Windows NT 10.0; Win64; x64) AppleWebKit/537.36 (KHTML, like Gecko) Chrome/80.0.3987.122 Safari/537.36"
200.52.82.218 - - [28/Feb/2020:19:58:03 +0000] "GET /projects/new?namespace_id=2 HTTP/1.1" 200 15825 "http://40.71.81.251/jenkins" "Mozilla/5.0 (Windows NT 10.0; Win64; x64) AppleWebKit/537.36 (KHTML, like Gecko) Chrome/80.0.3987.122 Safari/537.36"
200.52.82.218 - - [28/Feb/2020:19:58:03 +0000] "GET /assets/webpack/pages.projects.new.190423aa.chunk.js HTTP/1.1" 200 5327 "http://40.71.81.251/projects/new" "Mozilla/5.0 (Windows NT 10.0; Win64; x64) AppleWebKit/537.36 (KHTML, like Gecko) Chrome/80.0.3987.122 Safari/537.36"
200.52.82.218 - - [28/Feb/2020:19:58:04 +0000] "GET /assets/webpack/vendors~select2.75210478.chunk.js HTTP/1.1" 200 17973 "http://40.71.81.251/projects/new" "Mozilla/5.0 (Windows NT 10.0; Win64; x64) AppleWebKit/537.36 (KHTML, like Gecko) Chrome/80.0.3987.122 Safari/537.36"
200.52.82.218 - - [28/Feb/2020:19:58:04 +0000] "GET /assets/select2.png HTTP/1.1" 404 19 "http://40.71.81.251/assets/application-4a081f9e3a60a0e580cad484d66fbf5a1505ad313280e96728729069f87f856e.css" "Mozilla/5.0 (Windows NT 10.0; Win64; x64) AppleWebKit/537.36 (KHTML, like Gecko) Chrome/80.0.3987.122 Safari/537.36"
200.52.82.218 - - [28/Feb/2020:19:58:04 +0000] "GET /assets/select2-d6b5d8d83dbc18fb8d77c8761d331cd9e5123c9684950bab0406e98a24ac5ae8.png HTTP/1.1" 200 613 "http://40.71.81.251/assets/application-4a081f9e3a60a0e580cad484d66fbf5a1505ad313280e96728729069f87f856e.css" "Mozilla/5.0 (Windows NT 10.0; Win64; x64) AppleWebKit/537.36 (KHTML, like Gecko) Chrome/80.0.3987.122 Safari/537.36"
200.52.82.218 - - [28/Feb/2020:19:58:10 +0000] "POST /projects HTTP/1.1" 302 99 "http://40.71.81.251/projects/new" "Mozilla/5.0 (Windows NT 10.0; Win64; x64) AppleWebKit/537.36 (KHTML, like Gecko) Chrome/80.0.3987.122 Safari/537.36"
127.0.0.1 - - [28/Feb/2020:19:58:10 +0000] "GET /help HTTP/1.1" 200 83753 "" "curl/7.59.0-DEV"
200.52.82.218 - - [28/Feb/2020:19:58:11 +0000] "GET /jenkins/maven HTTP/1.1" 200 13353 "http://40.71.81.251/projects/new" "Mozilla/5.0 (Windows NT 10.0; Win64; x64) AppleWebKit/537.36 (KHTML, like Gecko) Chrome/80.0.3987.122 Safari/537.36"
200.52.82.218 - - [28/Feb/2020:19:58:11 +0000] "GET /assets/webpack/commons~pages.groups.milestones.edit~pages.groups.milestones.new~pages.projects.blame.show~pages.pro~d3e579ac.9edca571.chunk.js HTTP/1.1" 200 11437 "http://40.71.81.251/jenkins/maven" "Mozilla/5.0 (Windows NT 10.0; Win64; x64) AppleWebKit/537.36 (KHTML, like Gecko) Chrome/80.0.3987.122 Safari/537.36"
200.52.82.218 - - [28/Feb/2020:19:58:11 +0000] "GET /assets/webpack/pages.projects.show.2c627b44.chunk.js HTTP/1.1" 200 11534 "http://40.71.81.251/jenkins/maven" "Mozilla/5.0 (Windows NT 10.0; Win64; x64) AppleWebKit/537.36 (KHTML, like Gecko) Chrome/80.0.3987.122 Safari/537.36"
200.52.82.218 - - [28/Feb/2020:19:58:11 +0000] "GET /assets/illustrations/cluster_popover-889b8203a86c86d1fd3f0b181e588071d00cd9c77590fd87dba4d19035e1c0df.svg HTTP/1.1" 200 748 "http://40.71.81.251/jenkins/maven" "Mozilla/5.0 (Windows NT 10.0; Win64; x64) AppleWebKit/537.36 (KHTML, like Gecko) Chrome/80.0.3987.122 Safari/537.36"
200.52.82.218 - - [28/Feb/2020:19:58:42 +0000] "GET /jenkins/maven HTTP/1.1" 200 13256 "http://40.71.81.251/jenkins/maven" "Mozilla/5.0 (Windows NT 10.0; Win64; x64) AppleWebKit/537.36 (KHTML, like Gecko) Chrome/80.0.3987.122 Safari/537.36"
200.52.82.218 - - [28/Feb/2020:19:58:44 +0000] "GET /jenkins/maven HTTP/1.1" 200 13258 "http://40.71.81.251/jenkins/maven" "Mozilla/5.0 (Windows NT 10.0; Win64; x64) AppleWebKit/537.36 (KHTML, like Gecko) Chrome/80.0.3987.122 Safari/537.36"
200.52.82.218 - - [28/Feb/2020:19:58:53 +0000] "GET / HTTP/1.1" 200 8010 "http://40.71.81.251/jenkins/maven" "Mozilla/5.0 (Windows NT 10.0; Win64; x64) AppleWebKit/537.36 (KHTML, like Gecko) Chrome/80.0.3987.122 Safari/537.36"
200.52.82.218 - - [28/Feb/2020:19:58:55 +0000] "GET / HTTP/1.1" 200 8011 "http://40.71.81.251/" "Mozilla/5.0 (Windows NT 10.0; Win64; x64) AppleWebKit/537.36 (KHTML, like Gecko) Chrome/80.0.3987.122 Safari/537.36"
200.52.82.218 - - [28/Feb/2020:19:59:02 +0000] "GET /-/instance_statistics HTTP/1.1" 301 121 "http://40.71.81.251/" "Mozilla/5.0 (Windows NT 10.0; Win64; x64) AppleWebKit/537.36 (KHTML, like Gecko) Chrome/80.0.3987.122 Safari/537.36"
200.52.82.218 - - [28/Feb/2020:19:59:03 +0000] "GET /-/instance_statistics/dev_ops_score HTTP/1.1" 200 13864 "http://40.71.81.251/" "Mozilla/5.0 (Windows NT 10.0; Win64; x64) AppleWebKit/537.36 (KHTML, like Gecko) Chrome/80.0.3987.122 Safari/537.36"
200.52.82.218 - - [28/Feb/2020:19:59:03 +0000] "GET /assets/webpack/pages.instance_statistics.dev_ops_score.abf8d169.chunk.js HTTP/1.1" 200 818 "http://40.71.81.251/-/instance_statistics/dev_ops_score" "Mozilla/5.0 (Windows NT 10.0; Win64; x64) AppleWebKit/537.36 (KHTML, like Gecko) Chrome/80.0.3987.122 Safari/537.36"
200.52.82.218 - - [28/Feb/2020:19:59:04 +0000] "GET / HTTP/1.1" 200 8002 "http://40.71.81.251/-/instance_statistics/dev_ops_score" "Mozilla/5.0 (Windows NT 10.0; Win64; x64) AppleWebKit/537.36 (KHTML, like Gecko) Chrome/80.0.3987.122 Safari/537.36"
127.0.0.1 - - [28/Feb/2020:19:59:12 +0000] "GET /help HTTP/1.1" 200 83746 "" "curl/7.59.0-DEV"
200.52.82.218 - - [28/Feb/2020:19:59:15 +0000] "GET /profile HTTP/1.1" 200 10425 "http://40.71.81.251/" "Mozilla/5.0 (Windows NT 10.0; Win64; x64) AppleWebKit/537.36 (KHTML, like Gecko) Chrome/80.0.3987.122 Safari/537.36"
200.52.82.218 - - [28/Feb/2020:19:59:15 +0000] "GET /assets/webpack/commons~pages.profiles~pages.profiles.accounts.show~pages.profiles.index~pages.profiles.keys~pages.p~f2a26ee8.bbd37e35.chunk.js HTTP/1.1" 200 16967 "http://40.71.81.251/profile" "Mozilla/5.0 (Windows NT 10.0; Win64; x64) AppleWebKit/537.36 (KHTML, like Gecko) Chrome/80.0.3987.122 Safari/537.36"
200.52.82.218 - - [28/Feb/2020:19:59:15 +0000] "GET /assets/webpack/pages.profiles.show.ef6b0fae.chunk.js HTTP/1.1" 200 3165 "http://40.71.81.251/profile" "Mozilla/5.0 (Windows NT 10.0; Win64; x64) AppleWebKit/537.36 (KHTML, like Gecko) Chrome/80.0.3987.122 Safari/537.36"
200.52.82.218 - - [28/Feb/2020:19:59:15 +0000] "GET /assets/select2.png HTTP/1.1" 404 19 "http://40.71.81.251/assets/application-4a081f9e3a60a0e580cad484d66fbf5a1505ad313280e96728729069f87f856e.css" "Mozilla/5.0 (Windows NT 10.0; Win64; x64) AppleWebKit/537.36 (KHTML, like Gecko) Chrome/80.0.3987.122 Safari/537.36"
200.52.82.218 - - [28/Feb/2020:19:59:17 +0000] "GET /profile/account HTTP/1.1" 200 8107 "http://40.71.81.251/profile" "Mozilla/5.0 (Windows NT 10.0; Win64; x64) AppleWebKit/537.36 (KHTML, like Gecko) Chrome/80.0.3987.122 Safari/537.36"
200.52.82.218 - - [28/Feb/2020:19:59:17 +0000] "GET /assets/webpack/pages.profiles.accounts.show.31f20d45.chunk.js HTTP/1.1" 200 3473 "http://40.71.81.251/profile/account" "Mozilla/5.0 (Windows NT 10.0; Win64; x64) AppleWebKit/537.36 (KHTML, like Gecko) Chrome/80.0.3987.122 Safari/537.36"
200.52.82.218 - - [28/Feb/2020:19:59:29 +0000] "GET /profile/personal_access_tokens HTTP/1.1" 200 9332 "http://40.71.81.251/profile/account" "Mozilla/5.0 (Windows NT 10.0; Win64; x64) AppleWebKit/537.36 (KHTML, like Gecko) Chrome/80.0.3987.122 Safari/537.36"
200.52.82.218 - - [28/Feb/2020:19:59:29 +0000] "GET /assets/webpack/commons~pages.admin.impersonation_tokens~pages.profiles.personal_access_tokens~pages.projects.settin~fd092238.ce742241.chunk.js HTTP/1.1" 200 5290 "http://40.71.81.251/profile/personal_access_tokens" "Mozilla/5.0 (Windows NT 10.0; Win64; x64) AppleWebKit/537.36 (KHTML, like Gecko) Chrome/80.0.3987.122 Safari/537.36"
200.52.82.218 - - [28/Feb/2020:19:59:29 +0000] "GET /assets/webpack/pages.profiles.personal_access_tokens.21fdf92d.chunk.js HTTP/1.1" 200 340 "http://40.71.81.251/profile/personal_access_tokens" "Mozilla/5.0 (Windows NT 10.0; Win64; x64) AppleWebKit/537.36 (KHTML, like Gecko) Chrome/80.0.3987.122 Safari/537.36"
200.52.82.218 - - [28/Feb/2020:19:59:30 +0000] "GET /profile/account HTTP/1.1" 200 8103 "http://40.71.81.251/profile/personal_access_tokens" "Mozilla/5.0 (Windows NT 10.0; Win64; x64) AppleWebKit/537.36 (KHTML, like Gecko) Chrome/80.0.3987.122 Safari/537.36"
200.52.82.218 - - [28/Feb/2020:19:59:38 +0000] "GET /profile HTTP/1.1" 200 10425 "http://40.71.81.251/profile/account" "Mozilla/5.0 (Windows NT 10.0; Win64; x64) AppleWebKit/537.36 (KHTML, like Gecko) Chrome/80.0.3987.122 Safari/537.36"
200.52.82.218 - - [28/Feb/2020:19:59:38 +0000] "GET /assets/select2.png HTTP/1.1" 404 19 "http://40.71.81.251/assets/application-4a081f9e3a60a0e580cad484d66fbf5a1505ad313280e96728729069f87f856e.css" "Mozilla/5.0 (Windows NT 10.0; Win64; x64) AppleWebKit/537.36 (KHTML, like Gecko) Chrome/80.0.3987.122 Safari/537.36"
200.52.82.218 - - [28/Feb/2020:19:59:42 +0000] "GET / HTTP/1.1" 200 8008 "http://40.71.81.251/profile" "Mozilla/5.0 (Windows NT 10.0; Win64; x64) AppleWebKit/537.36 (KHTML, like Gecko) Chrome/80.0.3987.122 Safari/537.36"
127.0.0.1 - - [28/Feb/2020:20:00:12 +0000] "GET /help HTTP/1.1" 200 83746 "" "curl/7.59.0-DEV"
127.0.0.1 - - [28/Feb/2020:20:01:13 +0000] "GET /help HTTP/1.1" 200 83746 "" "curl/7.59.0-DEV"
200.52.82.218 - - [28/Feb/2020:20:01:54 +0000] "GET / HTTP/1.1" 200 8008 "http://40.71.81.251/" "Mozilla/5.0 (Windows NT 10.0; Win64; x64) AppleWebKit/537.36 (KHTML, like Gecko) Chrome/80.0.3987.122 Safari/537.36"
200.52.82.218 - - [28/Feb/2020:20:01:57 +0000] "POST /users/sign_out HTTP/1.1" 302 99 "http://40.71.81.251/" "Mozilla/5.0 (Windows NT 10.0; Win64; x64) AppleWebKit/537.36 (KHTML, like Gecko) Chrome/80.0.3987.122 Safari/537.36"
200.52.82.218 - - [28/Feb/2020:20:01:57 +0000] "GET /users/sign_in HTTP/1.1" 200 4810 "http://40.71.81.251/" "Mozilla/5.0 (Windows NT 10.0; Win64; x64) AppleWebKit/537.36 (KHTML, like Gecko) Chrome/80.0.3987.122 Safari/537.36"
200.52.82.218 - - [28/Feb/2020:20:02:02 +0000] "POST /users/sign_in HTTP/1.1" 302 86 "http://40.71.81.251/users/sign_in" "Mozilla/5.0 (Windows NT 10.0; Win64; x64) AppleWebKit/537.36 (KHTML, like Gecko) Chrome/80.0.3987.122 Safari/537.36"
200.52.82.218 - - [28/Feb/2020:20:02:02 +0000] "GET / HTTP/1.1" 200 8006 "http://40.71.81.251/users/sign_in" "Mozilla/5.0 (Windows NT 10.0; Win64; x64) AppleWebKit/537.36 (KHTML, like Gecko) Chrome/80.0.3987.122 Safari/537.36"
200.52.82.218 - - [28/Feb/2020:20:02:12 +0000] "GET /profile HTTP/1.1" 200 10432 "http://40.71.81.251/" "Mozilla/5.0 (Windows NT 10.0; Win64; x64) AppleWebKit/537.36 (KHTML, like Gecko) Chrome/80.0.3987.122 Safari/537.36"
200.52.82.218 - - [28/Feb/2020:20:02:12 +0000] "GET /assets/select2.png HTTP/1.1" 404 19 "http://40.71.81.251/assets/application-4a081f9e3a60a0e580cad484d66fbf5a1505ad313280e96728729069f87f856e.css" "Mozilla/5.0 (Windows NT 10.0; Win64; x64) AppleWebKit/537.36 (KHTML, like Gecko) Chrome/80.0.3987.122 Safari/537.36"
200.52.82.218 - - [28/Feb/2020:20:02:13 +0000] "GET /profile/account HTTP/1.1" 200 8106 "http://40.71.81.251/profile" "Mozilla/5.0 (Windows NT 10.0; Win64; x64) AppleWebKit/537.36 (KHTML, like Gecko) Chrome/80.0.3987.122 Safari/537.36"
127.0.0.1 - - [28/Feb/2020:20:02:14 +0000] "GET /help HTTP/1.1" 200 83753 "" "curl/7.59.0-DEV"
200.52.82.218 - - [28/Feb/2020:20:02:18 +0000] "GET /profile/applications HTTP/1.1" 200 9054 "http://40.71.81.251/profile/account" "Mozilla/5.0 (Windows NT 10.0; Win64; x64) AppleWebKit/537.36 (KHTML, like Gecko) Chrome/80.0.3987.122 Safari/537.36"
200.52.82.218 - - [28/Feb/2020:20:02:33 +0000] "GET /profile/account HTTP/1.1" 200 8105 "http://40.71.81.251/profile/applications" "Mozilla/5.0 (Windows NT 10.0; Win64; x64) AppleWebKit/537.36 (KHTML, like Gecko) Chrome/80.0.3987.122 Safari/537.36"
127.0.0.1 - - [28/Feb/2020:20:03:14 +0000] "GET /help HTTP/1.1" 200 83753 "" "curl/7.59.0-DEV"
200.52.82.218 - - [28/Feb/2020:20:03:31 +0000] "GET /dashboard/projects HTTP/1.1" 200 8038 "http://40.71.81.251/profile/account" "Mozilla/5.0 (Windows NT 10.0; Win64; x64) AppleWebKit/537.36 (KHTML, like Gecko) Chrome/80.0.3987.122 Safari/537.36"
200.52.82.218 - - [28/Feb/2020:20:03:31 +0000] "GET /assets/webpack/pages.dashboard.projects.51897dd1.chunk.js HTTP/1.1" 200 1582 "http://40.71.81.251/dashboard/projects" "Mozilla/5.0 (Windows NT 10.0; Win64; x64) AppleWebKit/537.36 (KHTML, like Gecko) Chrome/80.0.3987.122 Safari/537.36"
200.52.82.218 - - [28/Feb/2020:20:03:32 +0000] "GET /jenkins/maven HTTP/1.1" 200 13258 "http://40.71.81.251/dashboard/projects" "Mozilla/5.0 (Windows NT 10.0; Win64; x64) AppleWebKit/537.36 (KHTML, like Gecko) Chrome/80.0.3987.122 Safari/537.36"
200.52.82.218 - - [28/Feb/2020:20:03:54 +0000] "GET /admin HTTP/1.1" 200 9331 "http://40.71.81.251/jenkins/maven" "Mozilla/5.0 (Windows NT 10.0; Win64; x64) AppleWebKit/537.36 (KHTML, like Gecko) Chrome/80.0.3987.122 Safari/537.36"
200.52.82.218 - - [28/Feb/2020:20:03:54 +0000] "GET /assets/webpack/pages.admin.b9233f0b.chunk.js HTTP/1.1" 200 2039 "http://40.71.81.251/admin" "Mozilla/5.0 (Windows NT 10.0; Win64; x64) AppleWebKit/537.36 (KHTML, like Gecko) Chrome/80.0.3987.122 Safari/537.36"
200.52.82.218 - - [28/Feb/2020:20:03:54 +0000] "GET /api/v4/application/statistics HTTP/1.1" 200 165 "http://40.71.81.251/admin" "Mozilla/5.0 (Windows NT 10.0; Win64; x64) AppleWebKit/537.36 (KHTML, like Gecko) Chrome/80.0.3987.122 Safari/537.36"
200.52.82.218 - - [28/Feb/2020:20:03:57 +0000] "GET /admin/users/new HTTP/1.1" 200 9527 "http://40.71.81.251/admin" "Mozilla/5.0 (Windows NT 10.0; Win64; x64) AppleWebKit/537.36 (KHTML, like Gecko) Chrome/80.0.3987.122 Safari/537.36"
200.52.82.218 - - [28/Feb/2020:20:03:58 +0000] "GET /assets/webpack/pages.admin.users.new.5140595b.chunk.js HTTP/1.1" 200 4247 "http://40.71.81.251/admin/users/new" "Mozilla/5.0 (Windows NT 10.0; Win64; x64) AppleWebKit/537.36 (KHTML, like Gecko) Chrome/80.0.3987.122 Safari/537.36"
127.0.0.1 - - [28/Feb/2020:20:04:15 +0000] "GET /help HTTP/1.1" 200 83746 "" "curl/7.59.0-DEV"
200.52.82.218 - - [28/Feb/2020:20:05:03 +0000] "POST /admin/users HTTP/1.1" 200 9678 "http://40.71.81.251/admin/users/new" "Mozilla/5.0 (Windows NT 10.0; Win64; x64) AppleWebKit/537.36 (KHTML, like Gecko) Chrome/80.0.3987.122 Safari/537.36"
127.0.0.1 - - [28/Feb/2020:20:05:16 +0000] "GET /help HTTP/1.1" 200 83753 "" "curl/7.59.0-DEV"
200.52.82.218 - - [28/Feb/2020:20:05:23 +0000] "POST /admin/users HTTP/1.1" 302 103 "http://40.71.81.251/admin/users" "Mozilla/5.0 (Windows NT 10.0; Win64; x64) AppleWebKit/537.36 (KHTML, like Gecko) Chrome/80.0.3987.122 Safari/537.36"
200.52.82.218 - - [28/Feb/2020:20:05:23 +0000] "GET /admin/users/tool1 HTTP/1.1" 200 10317 "http://40.71.81.251/admin/users" "Mozilla/5.0 (Windows NT 10.0; Win64; x64) AppleWebKit/537.36 (KHTML, like Gecko) Chrome/80.0.3987.122 Safari/537.36"
200.52.82.218 - - [28/Feb/2020:20:05:23 +0000] "GET /assets/webpack/pages.admin.users.24dbdcbc.chunk.js HTTP/1.1" 200 3754 "http://40.71.81.251/admin/users/tool1" "Mozilla/5.0 (Windows NT 10.0; Win64; x64) AppleWebKit/537.36 (KHTML, like Gecko) Chrome/80.0.3987.122 Safari/537.36"
200.52.82.218 - - [28/Feb/2020:20:05:36 +0000] "GET /admin/projects HTTP/1.1" 200 9384 "http://40.71.81.251/admin/users/tool1" "Mozilla/5.0 (Windows NT 10.0; Win64; x64) AppleWebKit/537.36 (KHTML, like Gecko) Chrome/80.0.3987.122 Safari/537.36"
200.52.82.218 - - [28/Feb/2020:20:05:36 +0000] "GET /assets/webpack/pages.admin.projects.index.f5ce78a9.chunk.js HTTP/1.1" 200 5301 "http://40.71.81.251/admin/projects" "Mozilla/5.0 (Windows NT 10.0; Win64; x64) AppleWebKit/537.36 (KHTML, like Gecko) Chrome/80.0.3987.122 Safari/537.36"
200.52.82.218 - - [28/Feb/2020:20:05:37 +0000] "GET /admin/projects/jenkins/maven HTTP/1.1" 200 10438 "http://40.71.81.251/admin/projects" "Mozilla/5.0 (Windows NT 10.0; Win64; x64) AppleWebKit/537.36 (KHTML, like Gecko) Chrome/80.0.3987.122 Safari/537.36"
200.52.82.218 - - [28/Feb/2020:20:05:37 +0000] "GET /assets/webpack/pages.admin.projects.80e8383c.chunk.js HTTP/1.1" 200 3694 "http://40.71.81.251/admin/projects/jenkins/maven" "Mozilla/5.0 (Windows NT 10.0; Win64; x64) AppleWebKit/537.36 (KHTML, like Gecko) Chrome/80.0.3987.122 Safari/537.36"
200.52.82.218 - - [28/Feb/2020:20:05:52 +0000] "GET /jenkins/maven/-/project_members HTTP/1.1" 200 11396 "http://40.71.81.251/admin/projects/jenkins/maven" "Mozilla/5.0 (Windows NT 10.0; Win64; x64) AppleWebKit/537.36 (KHTML, like Gecko) Chrome/80.0.3987.122 Safari/537.36"
200.52.82.218 - - [28/Feb/2020:20:05:52 +0000] "GET /assets/webpack/commons~pages.admin.abuse_reports~pages.admin.groups.show~pages.dashboard.todos.index~pages.groups.g~41391e1f.1fae064b.chunk.js HTTP/1.1" 200 5429 "http://40.71.81.251/jenkins/maven/-/project_members" "Mozilla/5.0 (Windows NT 10.0; Win64; x64) AppleWebKit/537.36 (KHTML, like Gecko) Chrome/80.0.3987.122 Safari/537.36"
200.52.82.218 - - [28/Feb/2020:20:05:52 +0000] "GET /assets/webpack/pages.projects.project_members.90340708.chunk.js HTTP/1.1" 200 5121 "http://40.71.81.251/jenkins/maven/-/project_members" "Mozilla/5.0 (Windows NT 10.0; Win64; x64) AppleWebKit/537.36 (KHTML, like Gecko) Chrome/80.0.3987.122 Safari/537.36"
200.52.82.218 - - [28/Feb/2020:20:05:53 +0000] "GET /assets/select2-spinner.gif HTTP/1.1" 404 19 "http://40.71.81.251/assets/application-4a081f9e3a60a0e580cad484d66fbf5a1505ad313280e96728729069f87f856e.css" "Mozilla/5.0 (Windows NT 10.0; Win64; x64) AppleWebKit/537.36 (KHTML, like Gecko) Chrome/80.0.3987.122 Safari/537.36"
200.52.82.218 - - [28/Feb/2020:20:05:53 +0000] "GET /autocomplete/users.json?search=&active=true HTTP/1.1" 200 504 "http://40.71.81.251/jenkins/maven/-/project_members" "Mozilla/5.0 (Windows NT 10.0; Win64; x64) AppleWebKit/537.36 (KHTML, like Gecko) Chrome/80.0.3987.122 Safari/537.36"
200.52.82.218 - - [28/Feb/2020:20:05:55 +0000] "GET /assets/select2.png HTTP/1.1" 404 19 "http://40.71.81.251/assets/application-4a081f9e3a60a0e580cad484d66fbf5a1505ad313280e96728729069f87f856e.css" "Mozilla/5.0 (Windows NT 10.0; Win64; x64) AppleWebKit/537.36 (KHTML, like Gecko) Chrome/80.0.3987.122 Safari/537.36"
200.52.82.218 - - [28/Feb/2020:20:05:55 +0000] "GET /autocomplete/users.json?search=&active=true HTTP/1.1" 304 0 "http://40.71.81.251/jenkins/maven/-/project_members" "Mozilla/5.0 (Windows NT 10.0; Win64; x64) AppleWebKit/537.36 (KHTML, like Gecko) Chrome/80.0.3987.122 Safari/537.36"
200.52.82.218 - - [28/Feb/2020:20:06:16 +0000] "POST /jenkins/maven/-/project_members HTTP/1.1" 302 117 "http://40.71.81.251/jenkins/maven/-/project_members" "Mozilla/5.0 (Windows NT 10.0; Win64; x64) AppleWebKit/537.36 (KHTML, like Gecko) Chrome/80.0.3987.122 Safari/537.36"
200.52.82.218 - - [28/Feb/2020:20:06:16 +0000] "GET /jenkins/maven/-/project_members HTTP/1.1" 200 12221 "http://40.71.81.251/jenkins/maven/-/project_members" "Mozilla/5.0 (Windows NT 10.0; Win64; x64) AppleWebKit/537.36 (KHTML, like Gecko) Chrome/80.0.3987.122 Safari/537.36"
127.0.0.1 - - [28/Feb/2020:20:06:17 +0000] "GET /help HTTP/1.1" 200 83746 "" "curl/7.59.0-DEV"
200.52.82.218 - - [28/Feb/2020:20:06:28 +0000] "GET / HTTP/1.1" 200 8009 "" "Mozilla/5.0 (Windows NT 10.0; Win64; x64) AppleWebKit/537.36 (KHTML, like Gecko) Chrome/80.0.3987.122 Safari/537.36"
200.52.82.218 - - [28/Feb/2020:20:06:39 +0000] "GET / HTTP/1.1" 200 8007 "" "Mozilla/5.0 (Windows NT 10.0; Win64; x64) AppleWebKit/537.36 (KHTML, like Gecko) Chrome/80.0.3987.122 Safari/537.36"
200.52.82.218 - - [28/Feb/2020:20:06:46 +0000] "GET / HTTP/1.1" 302 99 "" "Mozilla/5.0 (Windows NT 10.0; Win64; x64; rv:73.0) Gecko/20100101 Firefox/73.0"
200.52.82.218 - - [28/Feb/2020:20:06:46 +0000] "GET /users/sign_in HTTP/1.1" 200 4810 "" "Mozilla/5.0 (Windows NT 10.0; Win64; x64; rv:73.0) Gecko/20100101 Firefox/73.0"
200.52.82.218 - - [28/Feb/2020:20:06:46 +0000] "GET /assets/print-74c3df10dad473d66660c828e3aa54ca3bfeac6d8bb708643331403fe7211e60.css HTTP/1.1" 200 382 "http://40.71.81.251/users/sign_in" "Mozilla/5.0 (Windows NT 10.0; Win64; x64; rv:73.0) Gecko/20100101 Firefox/73.0"
200.52.82.218 - - [28/Feb/2020:20:06:46 +0000] "GET /assets/webpack/commons~pages.ldap.omniauth_callbacks~pages.omniauth_callbacks~pages.sessions~pages.sessions.new.c3421b50.chunk.js HTTP/1.1" 200 3666 "http://40.71.81.251/users/sign_in" "Mozilla/5.0 (Windows NT 10.0; Win64; x64; rv:73.0) Gecko/20100101 Firefox/73.0"
200.52.82.218 - - [28/Feb/2020:20:06:46 +0000] "GET /assets/webpack/runtime.f97c5e2d.bundle.js HTTP/1.1" 200 2245 "http://40.71.81.251/users/sign_in" "Mozilla/5.0 (Windows NT 10.0; Win64; x64; rv:73.0) Gecko/20100101 Firefox/73.0"
200.52.82.218 - - [28/Feb/2020:20:06:46 +0000] "GET /assets/highlight/themes/white-3144068cf4f603d290f553b653926358ddcd02493b9728f62417682657fc58c0.css HTTP/1.1" 200 864 "http://40.71.81.251/users/sign_in" "Mozilla/5.0 (Windows NT 10.0; Win64; x64; rv:73.0) Gecko/20100101 Firefox/73.0"
200.52.82.218 - - [28/Feb/2020:20:06:46 +0000] "GET /assets/application-4a081f9e3a60a0e580cad484d66fbf5a1505ad313280e96728729069f87f856e.css HTTP/1.1" 200 155823 "http://40.71.81.251/users/sign_in" "Mozilla/5.0 (Windows NT 10.0; Win64; x64; rv:73.0) Gecko/20100101 Firefox/73.0"
200.52.82.218 - - [28/Feb/2020:20:06:46 +0000] "GET /assets/webpack/pages.sessions.new.859c63c5.chunk.js HTTP/1.1" 200 4904 "http://40.71.81.251/users/sign_in" "Mozilla/5.0 (Windows NT 10.0; Win64; x64; rv:73.0) Gecko/20100101 Firefox/73.0"
200.52.82.218 - - [28/Feb/2020:20:06:47 +0000] "GET /assets/webpack/main.e4cc9ed0.chunk.js HTTP/1.1" 200 901716 "http://40.71.81.251/users/sign_in" "Mozilla/5.0 (Windows NT 10.0; Win64; x64; rv:73.0) Gecko/20100101 Firefox/73.0"
200.52.82.218 - - [28/Feb/2020:20:06:48 +0000] "GET /assets/favicon-7901bd695fb93edb07975966062049829afb56cf11511236e61bcf425070e36e.png HTTP/1.1" 200 1611 "" "Mozilla/5.0 (Windows NT 10.0; Win64; x64; rv:73.0) Gecko/20100101 Firefox/73.0"
200.52.82.218 - - [28/Feb/2020:20:06:48 +0000] "GET /assets/touch-icon-ipad-retina-8ebe416f5313483d9c1bc772b5bbe03ecad52a54eba443e5215a22caed2a16a2.png HTTP/1.1" 200 5662 "" "Mozilla/5.0 (Windows NT 10.0; Win64; x64; rv:73.0) Gecko/20100101 Firefox/73.0"
200.52.82.218 - - [28/Feb/2020:20:06:55 +0000] "POST /users/sign_in HTTP/1.1" 200 4928 "http://40.71.81.251/users/sign_in" "Mozilla/5.0 (Windows NT 10.0; Win64; x64; rv:73.0) Gecko/20100101 Firefox/73.0"
200.52.82.218 - - [28/Feb/2020:20:06:55 +0000] "GET /assets/icons-2206b8b510dd8a2edccabbd872bdecb67fa80554b54d351d80c5b056d048670e.svg HTTP/1.1" 200 27167 "http://40.71.81.251/users/sign_in" "Mozilla/5.0 (Windows NT 10.0; Win64; x64; rv:73.0) Gecko/20100101 Firefox/73.0"
200.52.82.218 - - [28/Feb/2020:20:07:00 +0000] "GET /jenkins/maven HTTP/1.1" 200 13260 "http://40.71.81.251/" "Mozilla/5.0 (Windows NT 10.0; Win64; x64) AppleWebKit/537.36 (KHTML, like Gecko) Chrome/80.0.3987.122 Safari/537.36"
200.52.82.218 - - [28/Feb/2020:20:07:08 +0000] "GET /admin HTTP/1.1" 200 9363 "http://40.71.81.251/jenkins/maven" "Mozilla/5.0 (Windows NT 10.0; Win64; x64) AppleWebKit/537.36 (KHTML, like Gecko) Chrome/80.0.3987.122 Safari/537.36"
200.52.82.218 - - [28/Feb/2020:20:07:08 +0000] "GET /api/v4/application/statistics HTTP/1.1" 200 165 "http://40.71.81.251/admin" "Mozilla/5.0 (Windows NT 10.0; Win64; x64) AppleWebKit/537.36 (KHTML, like Gecko) Chrome/80.0.3987.122 Safari/537.36"
200.52.82.218 - - [28/Feb/2020:20:07:13 +0000] "GET /admin/users HTTP/1.1" 200 10427 "http://40.71.81.251/admin" "Mozilla/5.0 (Windows NT 10.0; Win64; x64) AppleWebKit/537.36 (KHTML, like Gecko) Chrome/80.0.3987.122 Safari/537.36"
200.52.82.218 - - [28/Feb/2020:20:07:14 +0000] "GET /api/v4/users/1 HTTP/1.1" 200 862 "http://40.71.81.251/admin/users" "Mozilla/5.0 (Windows NT 10.0; Win64; x64) AppleWebKit/537.36 (KHTML, like Gecko) Chrome/80.0.3987.122 Safari/537.36"
200.52.82.218 - - [28/Feb/2020:20:07:15 +0000] "GET /api/v4/users/1/status HTTP/1.1" 200 47 "http://40.71.81.251/admin/users" "Mozilla/5.0 (Windows NT 10.0; Win64; x64) AppleWebKit/537.36 (KHTML, like Gecko) Chrome/80.0.3987.122 Safari/537.36"
200.52.82.218 - - [28/Feb/2020:20:07:15 +0000] "GET /api/v4/users/2/status HTTP/1.1" 200 47 "http://40.71.81.251/admin/users" "Mozilla/5.0 (Windows NT 10.0; Win64; x64) AppleWebKit/537.36 (KHTML, like Gecko) Chrome/80.0.3987.122 Safari/537.36"
200.52.82.218 - - [28/Feb/2020:20:07:15 +0000] "GET /api/v4/users/2 HTTP/1.1" 200 781 "http://40.71.81.251/admin/users" "Mozilla/5.0 (Windows NT 10.0; Win64; x64) AppleWebKit/537.36 (KHTML, like Gecko) Chrome/80.0.3987.122 Safari/537.36"
200.52.82.218 - - [28/Feb/2020:20:07:17 +0000] "GET /admin/users/tool1/edit HTTP/1.1" 200 9569 "http://40.71.81.251/admin/users" "Mozilla/5.0 (Windows NT 10.0; Win64; x64) AppleWebKit/537.36 (KHTML, like Gecko) Chrome/80.0.3987.122 Safari/537.36"
127.0.0.1 - - [28/Feb/2020:20:07:18 +0000] "GET /help HTTP/1.1" 200 83753 "" "curl/7.59.0-DEV"
200.52.82.218 - - [28/Feb/2020:20:07:31 +0000] "POST /admin/users/tool1 HTTP/1.1" 302 103 "http://40.71.81.251/admin/users/tool1/edit" "Mozilla/5.0 (Windows NT 10.0; Win64; x64) AppleWebKit/537.36 (KHTML, like Gecko) Chrome/80.0.3987.122 Safari/537.36"
200.52.82.218 - - [28/Feb/2020:20:07:31 +0000] "GET /admin/users/tool1 HTTP/1.1" 200 10316 "http://40.71.81.251/admin/users/tool1/edit" "Mozilla/5.0 (Windows NT 10.0; Win64; x64) AppleWebKit/537.36 (KHTML, like Gecko) Chrome/80.0.3987.122 Safari/537.36"
200.52.82.218 - - [28/Feb/2020:20:07:41 +0000] "POST /users/sign_in HTTP/1.1" 200 4931 "http://40.71.81.251/users/sign_in" "Mozilla/5.0 (Windows NT 10.0; Win64; x64; rv:73.0) Gecko/20100101 Firefox/73.0"
200.52.82.218 - - [28/Feb/2020:20:07:45 +0000] "POST /users/sign_in HTTP/1.1" 200 4920 "http://40.71.81.251/users/sign_in" "Mozilla/5.0 (Windows NT 10.0; Win64; x64; rv:73.0) Gecko/20100101 Firefox/73.0"
200.52.82.218 - - [28/Feb/2020:20:07:45 +0000] "GET /assets/application-4a081f9e3a60a0e580cad484d66fbf5a1505ad313280e96728729069f87f856e.css HTTP/1.1" 304 0 "http://40.71.81.251/users/sign_in" "Mozilla/5.0 (Windows NT 10.0; Win64; x64; rv:73.0) Gecko/20100101 Firefox/73.0"
200.52.82.218 - - [28/Feb/2020:20:07:45 +0000] "GET /assets/webpack/runtime.f97c5e2d.bundle.js HTTP/1.1" 304 0 "http://40.71.81.251/users/sign_in" "Mozilla/5.0 (Windows NT 10.0; Win64; x64; rv:73.0) Gecko/20100101 Firefox/73.0"
200.52.82.218 - - [28/Feb/2020:20:07:45 +0000] "GET /assets/highlight/themes/white-3144068cf4f603d290f553b653926358ddcd02493b9728f62417682657fc58c0.css HTTP/1.1" 304 0 "http://40.71.81.251/users/sign_in" "Mozilla/5.0 (Windows NT 10.0; Win64; x64; rv:73.0) Gecko/20100101 Firefox/73.0"
200.52.82.218 - - [28/Feb/2020:20:07:45 +0000] "GET /assets/webpack/main.e4cc9ed0.chunk.js HTTP/1.1" 304 0 "http://40.71.81.251/users/sign_in" "Mozilla/5.0 (Windows NT 10.0; Win64; x64; rv:73.0) Gecko/20100101 Firefox/73.0"
200.52.82.218 - - [28/Feb/2020:20:07:45 +0000] "GET /assets/print-74c3df10dad473d66660c828e3aa54ca3bfeac6d8bb708643331403fe7211e60.css HTTP/1.1" 304 0 "http://40.71.81.251/users/sign_in" "Mozilla/5.0 (Windows NT 10.0; Win64; x64; rv:73.0) Gecko/20100101 Firefox/73.0"
200.52.82.218 - - [28/Feb/2020:20:07:45 +0000] "GET /assets/webpack/commons~pages.ldap.omniauth_callbacks~pages.omniauth_callbacks~pages.sessions~pages.sessions.new.c3421b50.chunk.js HTTP/1.1" 304 0 "http://40.71.81.251/users/sign_in" "Mozilla/5.0 (Windows NT 10.0; Win64; x64; rv:73.0) Gecko/20100101 Firefox/73.0"
200.52.82.218 - - [28/Feb/2020:20:07:45 +0000] "GET /assets/webpack/pages.sessions.new.859c63c5.chunk.js HTTP/1.1" 304 0 "http://40.71.81.251/users/sign_in" "Mozilla/5.0 (Windows NT 10.0; Win64; x64; rv:73.0) Gecko/20100101 Firefox/73.0"
200.52.82.218 - - [28/Feb/2020:20:07:46 +0000] "GET /assets/icons-2206b8b510dd8a2edccabbd872bdecb67fa80554b54d351d80c5b056d048670e.svg HTTP/1.1" 304 0 "http://40.71.81.251/users/sign_in" "Mozilla/5.0 (Windows NT 10.0; Win64; x64; rv:73.0) Gecko/20100101 Firefox/73.0"
200.52.82.218 - - [28/Feb/2020:20:07:51 +0000] "POST /users/sign_in HTTP/1.1" 200 4929 "http://40.71.81.251/users/sign_in" "Mozilla/5.0 (Windows NT 10.0; Win64; x64; rv:73.0) Gecko/20100101 Firefox/73.0"
200.52.82.218 - - [28/Feb/2020:20:08:02 +0000] "POST /users/sign_in HTTP/1.1" 302 106 "http://40.71.81.251/users/sign_in" "Mozilla/5.0 (Windows NT 10.0; Win64; x64; rv:73.0) Gecko/20100101 Firefox/73.0"
200.52.82.218 - - [28/Feb/2020:20:08:02 +0000] "GET /profile/password/new HTTP/1.1" 200 7014 "http://40.71.81.251/users/sign_in" "Mozilla/5.0 (Windows NT 10.0; Win64; x64; rv:73.0) Gecko/20100101 Firefox/73.0"
200.52.82.218 - - [28/Feb/2020:20:08:02 +0000] "GET /assets/webpack/pages.profiles.704aa264.chunk.js HTTP/1.1" 200 176 "http://40.71.81.251/profile/password/new" "Mozilla/5.0 (Windows NT 10.0; Win64; x64; rv:73.0) Gecko/20100101 Firefox/73.0"
200.52.82.218 - - [28/Feb/2020:20:08:02 +0000] "GET /assets/webpack/commons~pages.profiles~pages.profiles.accounts.show~pages.profiles.index~pages.profiles.keys~pages.p~f2a26ee8.bbd37e35.chunk.js HTTP/1.1" 200 16967 "http://40.71.81.251/profile/password/new" "Mozilla/5.0 (Windows NT 10.0; Win64; x64; rv:73.0) Gecko/20100101 Firefox/73.0"
127.0.0.1 - - [28/Feb/2020:20:08:18 +0000] "GET /help HTTP/1.1" 200 83753 "" "curl/7.59.0-DEV"
200.52.82.218 - - [28/Feb/2020:20:08:23 +0000] "POST /profile/password HTTP/1.1" 302 86 "http://40.71.81.251/profile/password/new" "Mozilla/5.0 (Windows NT 10.0; Win64; x64; rv:73.0) Gecko/20100101 Firefox/73.0"
200.52.82.218 - - [28/Feb/2020:20:08:23 +0000] "GET / HTTP/1.1" 302 99 "http://40.71.81.251/profile/password/new" "Mozilla/5.0 (Windows NT 10.0; Win64; x64; rv:73.0) Gecko/20100101 Firefox/73.0"
200.52.82.218 - - [28/Feb/2020:20:08:24 +0000] "GET /users/sign_in HTTP/1.1" 200 4926 "http://40.71.81.251/profile/password/new" "Mozilla/5.0 (Windows NT 10.0; Win64; x64; rv:73.0) Gecko/20100101 Firefox/73.0"
200.52.82.218 - - [28/Feb/2020:20:08:32 +0000] "POST /users/sign_in HTTP/1.1" 302 86 "http://40.71.81.251/users/sign_in" "Mozilla/5.0 (Windows NT 10.0; Win64; x64; rv:73.0) Gecko/20100101 Firefox/73.0"
200.52.82.218 - - [28/Feb/2020:20:08:32 +0000] "GET / HTTP/1.1" 200 7925 "http://40.71.81.251/users/sign_in" "Mozilla/5.0 (Windows NT 10.0; Win64; x64; rv:73.0) Gecko/20100101 Firefox/73.0"
200.52.82.218 - - [28/Feb/2020:20:08:32 +0000] "GET /assets/webpack/pages.root.c0f51ebf.chunk.js HTTP/1.1" 200 1578 "http://40.71.81.251/" "Mozilla/5.0 (Windows NT 10.0; Win64; x64; rv:73.0) Gecko/20100101 Firefox/73.0"
200.52.82.218 - - [28/Feb/2020:20:08:32 +0000] "GET /assets/fontawesome-webfont-2adefcbc041e7d18fcf2d417879dc5a09997aa64d675b7a3c4b6ce33da13f3fe.woff2 HTTP/1.1" 200 77160 "http://40.71.81.251/assets/application-4a081f9e3a60a0e580cad484d66fbf5a1505ad313280e96728729069f87f856e.css" "Mozilla/5.0 (Windows NT 10.0; Win64; x64; rv:73.0) Gecko/20100101 Firefox/73.0"
200.52.82.218 - - [28/Feb/2020:20:08:36 +0000] "GET /jenkins/maven HTTP/1.1" 200 12489 "http://40.71.81.251/" "Mozilla/5.0 (Windows NT 10.0; Win64; x64; rv:73.0) Gecko/20100101 Firefox/73.0"
200.52.82.218 - - [28/Feb/2020:20:08:36 +0000] "GET /assets/webpack/commons~pages.admin.clusters~pages.admin.clusters.destroy~pages.admin.clusters.edit~pages.admin.clus~2b7477a2.982dd72b.chunk.js HTTP/1.1" 200 5353 "http://40.71.81.251/jenkins/maven" "Mozilla/5.0 (Windows NT 10.0; Win64; x64; rv:73.0) Gecko/20100101 Firefox/73.0"
200.52.82.218 - - [28/Feb/2020:20:08:36 +0000] "GET /assets/webpack/commons~pages.groups.milestones.edit~pages.groups.milestones.new~pages.projects.blame.show~pages.pro~d3e579ac.9edca571.chunk.js HTTP/1.1" 200 11437 "http://40.71.81.251/jenkins/maven" "Mozilla/5.0 (Windows NT 10.0; Win64; x64; rv:73.0) Gecko/20100101 Firefox/73.0"
200.52.82.218 - - [28/Feb/2020:20:08:36 +0000] "GET /assets/webpack/pages.projects.show.2c627b44.chunk.js HTTP/1.1" 200 11534 "http://40.71.81.251/jenkins/maven" "Mozilla/5.0 (Windows NT 10.0; Win64; x64; rv:73.0) Gecko/20100101 Firefox/73.0"
200.52.82.218 - - [28/Feb/2020:20:08:36 +0000] "GET /assets/webpack/vendors~select2.75210478.chunk.js HTTP/1.1" 200 17973 "http://40.71.81.251/jenkins/maven" "Mozilla/5.0 (Windows NT 10.0; Win64; x64; rv:73.0) Gecko/20100101 Firefox/73.0"
200.52.82.218 - - [28/Feb/2020:20:09:15 +0000] "GET /jenkins/maven HTTP/1.1" 200 13259 "http://40.71.81.251/jenkins/maven/-/project_members" "Mozilla/5.0 (Windows NT 10.0; Win64; x64) AppleWebKit/537.36 (KHTML, like Gecko) Chrome/80.0.3987.122 Safari/537.36"
127.0.0.1 - - [28/Feb/2020:20:09:19 +0000] "GET /help HTTP/1.1" 200 83746 "" "curl/7.59.0-DEV"
127.0.0.1 - - [28/Feb/2020:20:10:20 +0000] "GET /help HTTP/1.1" 200 83746 "" "curl/7.59.0-DEV"
127.0.0.1 - - [28/Feb/2020:20:11:20 +0000] "GET /help HTTP/1.1" 200 83746 "" "curl/7.59.0-DEV"
40.71.81.251 - - [28/Feb/2020:20:11:37 +0000] "GET /jenkins/maven.git/info/refs?service=git-upload-pack HTTP/1.1" 401 26 "" "git/2.7.4"
40.71.81.251 - - [28/Feb/2020:20:11:47 +0000] "GET /jenkins/maven.git/info/refs?service=git-upload-pack HTTP/1.1" 401 26 "" "git/2.7.4"
40.71.81.251 - - [28/Feb/2020:20:11:54 +0000] "GET /jenkins/maven.git/info/refs?service=git-upload-pack HTTP/1.1" 401 26 "" "git/2.7.4"
40.71.81.251 - tool1 [28/Feb/2020:20:11:55 +0000] "GET /jenkins/maven.git/info/refs?service=git-upload-pack HTTP/1.1" 200 57 "" "git/2.7.4"
127.0.0.1 - - [28/Feb/2020:20:12:21 +0000] "GET /help HTTP/1.1" 200 83746 "" "curl/7.59.0-DEV"
127.0.0.1 - - [28/Feb/2020:20:13:22 +0000] "GET /help HTTP/1.1" 200 83746 "" "curl/7.59.0-DEV"
127.0.0.1 - - [28/Feb/2020:20:14:23 +0000] "GET /help HTTP/1.1" 200 83746 "" "curl/7.59.0-DEV"
200.52.82.218 - - [28/Feb/2020:20:14:53 +0000] "GET /jenkins/maven/edit HTTP/1.1" 200 14738 "http://40.71.81.251/jenkins/maven" "Mozilla/5.0 (Windows NT 10.0; Win64; x64) AppleWebKit/537.36 (KHTML, like Gecko) Chrome/80.0.3987.122 Safari/537.36"
200.52.82.218 - - [28/Feb/2020:20:14:53 +0000] "GET /assets/webpack/commons~pages.groups.edit~pages.groups.settings.badges~pages.projects.edit.96c2ce8d.chunk.js HTTP/1.1" 200 6006 "http://40.71.81.251/jenkins/maven/edit" "Mozilla/5.0 (Windows NT 10.0; Win64; x64) AppleWebKit/537.36 (KHTML, like Gecko) Chrome/80.0.3987.122 Safari/537.36"
200.52.82.218 - - [28/Feb/2020:20:14:53 +0000] "GET /assets/webpack/pages.projects.edit.dc555417.chunk.js HTTP/1.1" 200 9471 "http://40.71.81.251/jenkins/maven/edit" "Mozilla/5.0 (Windows NT 10.0; Win64; x64) AppleWebKit/537.36 (KHTML, like Gecko) Chrome/80.0.3987.122 Safari/537.36"
200.52.82.218 - - [28/Feb/2020:20:14:53 +0000] "GET /assets/select2.png HTTP/1.1" 404 19 "http://40.71.81.251/assets/application-4a081f9e3a60a0e580cad484d66fbf5a1505ad313280e96728729069f87f856e.css" "Mozilla/5.0 (Windows NT 10.0; Win64; x64) AppleWebKit/537.36 (KHTML, like Gecko) Chrome/80.0.3987.122 Safari/537.36"
200.52.82.218 - - [28/Feb/2020:20:14:53 +0000] "OPTIONS /api/v4/projects/1/badges HTTP/1.1" 200 0 "http://40.71.81.251/" "Mozilla/5.0 (Windows NT 10.0; Win64; x64) AppleWebKit/537.36 (KHTML, like Gecko) Chrome/80.0.3987.122 Safari/537.36"
200.52.82.218 - - [28/Feb/2020:20:14:53 +0000] "GET /api/v4/projects/1/badges HTTP/1.1" 404 35 "http://40.71.81.251/" "Mozilla/5.0 (Windows NT 10.0; Win64; x64) AppleWebKit/537.36 (KHTML, like Gecko) Chrome/80.0.3987.122 Safari/537.36"
200.52.82.218 - - [28/Feb/2020:20:14:54 +0000] "GET /jenkins/maven/-/project_members HTTP/1.1" 200 12106 "http://40.71.81.251/jenkins/maven/edit" "Mozilla/5.0 (Windows NT 10.0; Win64; x64) AppleWebKit/537.36 (KHTML, like Gecko) Chrome/80.0.3987.122 Safari/537.36"
200.52.82.218 - - [28/Feb/2020:20:15:07 +0000] "POST /jenkins/maven/-/project_members/2 HTTP/1.1" 200 1470 "http://40.71.81.251/jenkins/maven/-/project_members" "Mozilla/5.0 (Windows NT 10.0; Win64; x64) AppleWebKit/537.36 (KHTML, like Gecko) Chrome/80.0.3987.122 Safari/537.36"
127.0.0.1 - - [28/Feb/2020:20:15:24 +0000] "GET /help HTTP/1.1" 200 83753 "" "curl/7.59.0-DEV"
40.71.81.251 - - [28/Feb/2020:20:15:41 +0000] "GET /jenkins/maven.git/info/refs?service=git-receive-pack HTTP/1.1" 401 26 "" "git/2.7.4"
40.71.81.251 - - [28/Feb/2020:20:15:50 +0000] "GET /jenkins/maven.git/info/refs?service=git-receive-pack HTTP/1.1" 401 26 "" "git/2.7.4"
